// Jest Snapshot v1, https://goo.gl/fbAQLP

exports[`Header should match the snapshot 1`] = `
ShallowWrapper {
  "length": 1,
  Symbol(enzyme.__root__): [Circular],
  Symbol(enzyme.__unrendered__): <Header
    controlFunction={[Function]}
    value={
        Array [
            1,
            2,
            3,
          ]
    }
/>,
  Symbol(enzyme.__renderer__): Object {
    "batchedUpdates": [Function],
    "getNode": [Function],
    "render": [Function],
    "simulateEvent": [Function],
    "unmount": [Function],
  },
  Symbol(enzyme.__node__): Object {
    "instance": null,
    "key": undefined,
    "nodeType": "host",
    "props": Object {
      "children": Array [
        <img
          alt="Swapi Box"
          src="swapi-box-logo.png"
/>,
        <div
          className="favorites-button-div"
>
          <button
                    className="favorites-button"
                    name="favorites-nav"
                    onClick={[Function]}
          >
                    Your Favorites
          </button>
          <span>
                    3
          </span>
</div>,
      ],
      "className": "header",
    },
    "ref": null,
    "rendered": Array [
      Object {
        "instance": null,
        "key": undefined,
        "nodeType": "host",
        "props": Object {
          "alt": "Swapi Box",
          "src": "swapi-box-logo.png",
        },
        "ref": null,
        "rendered": null,
        "type": "img",
      },
      Object {
        "instance": null,
        "key": undefined,
        "nodeType": "host",
        "props": Object {
          "children": Array [
            <button
              className="favorites-button"
              name="favorites-nav"
              onClick={[Function]}
>
              Your Favorites
</button>,
            <span>
              3
</span>,
          ],
          "className": "favorites-button-div",
        },
        "ref": null,
        "rendered": Array [
          Object {
            "instance": null,
            "key": undefined,
            "nodeType": "host",
            "props": Object {
              "children": "Your Favorites",
              "className": "favorites-button",
              "name": "favorites-nav",
              "onClick": [Function],
            },
            "ref": null,
            "rendered": "Your Favorites",
            "type": "button",
          },
          Object {
            "instance": null,
            "key": undefined,
            "nodeType": "host",
            "props": Object {
              "children": 3,
            },
            "ref": null,
            "rendered": 3,
            "type": "span",
          },
        ],
        "type": "div",
      },
    ],
    "type": "header",
  },
  Symbol(enzyme.__nodes__): Array [
    Object {
      "instance": null,
      "key": undefined,
      "nodeType": "host",
      "props": Object {
        "children": Array [
          <img
            alt="Swapi Box"
            src="swapi-box-logo.png"
/>,
          <div
            className="favorites-button-div"
>
            <button
                        className="favorites-button"
                        name="favorites-nav"
                        onClick={[Function]}
            >
                        Your Favorites
            </button>
            <span>
                        3
            </span>
</div>,
        ],
        "className": "header",
      },
      "ref": null,
      "rendered": Array [
        Object {
          "instance": null,
          "key": undefined,
          "nodeType": "host",
          "props": Object {
            "alt": "Swapi Box",
            "src": "swapi-box-logo.png",
          },
          "ref": null,
          "rendered": null,
          "type": "img",
        },
        Object {
          "instance": null,
          "key": undefined,
          "nodeType": "host",
          "props": Object {
            "children": Array [
              <button
                className="favorites-button"
                name="favorites-nav"
                onClick={[Function]}
>
                Your Favorites
</button>,
              <span>
                3
</span>,
            ],
            "className": "favorites-button-div",
          },
          "ref": null,
          "rendered": Array [
            Object {
              "instance": null,
              "key": undefined,
              "nodeType": "host",
              "props": Object {
                "children": "Your Favorites",
                "className": "favorites-button",
                "name": "favorites-nav",
                "onClick": [Function],
              },
              "ref": null,
              "rendered": "Your Favorites",
              "type": "button",
            },
            Object {
              "instance": null,
              "key": undefined,
              "nodeType": "host",
              "props": Object {
                "children": 3,
              },
              "ref": null,
              "rendered": 3,
              "type": "span",
            },
          ],
          "type": "div",
        },
      ],
      "type": "header",
    },
  ],
  Symbol(enzyme.__options__): Object {
    "adapter": ReactSixteenAdapter {
      "options": Object {
        "enableComponentDidUpdateOnSetState": true,
      },
    },
  },
}
`;
