// Jest Snapshot v1, https://goo.gl/fbAQLP

exports[`Main should match the snapshot 1`] = `
ShallowWrapper {
  "length": 1,
  Symbol(enzyme.__root__): [Circular],
  Symbol(enzyme.__unrendered__): <Main
    cards={
        Array [
            Object {
              "name": "Luke Skywalker",
              "planetName": "Tatooine",
              "population": "200000",
              "species": "Human",
            },
            Object {
              "name": "C-3PO",
              "planetName": "Tatooine",
              "population": "200000",
              "species": "Droid",
            },
            Object {
              "name": "R2-D2",
              "planetName": "Naboo",
              "population": "4500000000",
              "species": "Droid",
            },
            Object {
              "name": "Darth Vader",
              "planetName": "Tatooine",
              "population": "200000",
              "species": "Human",
            },
            Object {
              "name": "Leia Organa",
              "planetName": "Alderaan",
              "population": "2000000000",
              "species": "Human",
            },
            Object {
              "name": "Owen Lars",
              "planetName": "Tatooine",
              "population": "200000",
              "species": "Human",
            },
            Object {
              "name": "Beru Whitesun lars",
              "planetName": "Tatooine",
              "population": "200000",
              "species": "Human",
            },
            Object {
              "name": "R5-D4",
              "planetName": "Tatooine",
              "population": "200000",
              "species": "Droid",
            },
            Object {
              "name": "Biggs Darklighter",
              "planetName": "Tatooine",
              "population": "200000",
              "species": "Human",
            },
            Object {
              "name": "Obi-Wan Kenobi",
              "planetName": "Stewjon",
              "population": "unknown",
              "species": "Human",
            },
          ]
    }
    controlFunction={[Function]}
    scroll={
        Object {
            "date": "2002-05-16",
            "text": "There is unrest in the Galactic Senate. Several thousand solar systems have declared their intentions to leave the Republic. This separatist movement, under the leadership of the mysterious Count Dooku, has made it difficult for the limited number of Jedi Knights to maintain peace and order in the galaxy. Senator Amidala, the former Queen of Naboo, is returning to the Galactic Senate to vote on the critical issue of creating an ARMY OF THE REPUBLIC to assist the overwhelmed Jedi....",
            "title": "Attack of the Clones",
          }
    }
/>,
  Symbol(enzyme.__renderer__): Object {
    "batchedUpdates": [Function],
    "getNode": [Function],
    "render": [Function],
    "simulateEvent": [Function],
    "unmount": [Function],
  },
  Symbol(enzyme.__node__): Object {
    "instance": null,
    "key": undefined,
    "nodeType": "host",
    "props": Object {
      "children": Array [
        false,
        <div
          className="card-div"
>
          <CardContainer
                    cards={
                              Array [
                                        Object {
                                          "name": "Luke Skywalker",
                                          "planetName": "Tatooine",
                                          "population": "200000",
                                          "species": "Human",
                                        },
                                        Object {
                                          "name": "C-3PO",
                                          "planetName": "Tatooine",
                                          "population": "200000",
                                          "species": "Droid",
                                        },
                                        Object {
                                          "name": "R2-D2",
                                          "planetName": "Naboo",
                                          "population": "4500000000",
                                          "species": "Droid",
                                        },
                                        Object {
                                          "name": "Darth Vader",
                                          "planetName": "Tatooine",
                                          "population": "200000",
                                          "species": "Human",
                                        },
                                        Object {
                                          "name": "Leia Organa",
                                          "planetName": "Alderaan",
                                          "population": "2000000000",
                                          "species": "Human",
                                        },
                                        Object {
                                          "name": "Owen Lars",
                                          "planetName": "Tatooine",
                                          "population": "200000",
                                          "species": "Human",
                                        },
                                        Object {
                                          "name": "Beru Whitesun lars",
                                          "planetName": "Tatooine",
                                          "population": "200000",
                                          "species": "Human",
                                        },
                                        Object {
                                          "name": "R5-D4",
                                          "planetName": "Tatooine",
                                          "population": "200000",
                                          "species": "Droid",
                                        },
                                        Object {
                                          "name": "Biggs Darklighter",
                                          "planetName": "Tatooine",
                                          "population": "200000",
                                          "species": "Human",
                                        },
                                        Object {
                                          "name": "Obi-Wan Kenobi",
                                          "planetName": "Stewjon",
                                          "population": "unknown",
                                          "species": "Human",
                                        },
                                      ]
                    }
                    controlFunction={[Function]}
          />
</div>,
      ],
    },
    "ref": null,
    "rendered": Array [
      false,
      Object {
        "instance": null,
        "key": undefined,
        "nodeType": "host",
        "props": Object {
          "children": <CardContainer
            cards={
                        Array [
                                    Object {
                                      "name": "Luke Skywalker",
                                      "planetName": "Tatooine",
                                      "population": "200000",
                                      "species": "Human",
                                    },
                                    Object {
                                      "name": "C-3PO",
                                      "planetName": "Tatooine",
                                      "population": "200000",
                                      "species": "Droid",
                                    },
                                    Object {
                                      "name": "R2-D2",
                                      "planetName": "Naboo",
                                      "population": "4500000000",
                                      "species": "Droid",
                                    },
                                    Object {
                                      "name": "Darth Vader",
                                      "planetName": "Tatooine",
                                      "population": "200000",
                                      "species": "Human",
                                    },
                                    Object {
                                      "name": "Leia Organa",
                                      "planetName": "Alderaan",
                                      "population": "2000000000",
                                      "species": "Human",
                                    },
                                    Object {
                                      "name": "Owen Lars",
                                      "planetName": "Tatooine",
                                      "population": "200000",
                                      "species": "Human",
                                    },
                                    Object {
                                      "name": "Beru Whitesun lars",
                                      "planetName": "Tatooine",
                                      "population": "200000",
                                      "species": "Human",
                                    },
                                    Object {
                                      "name": "R5-D4",
                                      "planetName": "Tatooine",
                                      "population": "200000",
                                      "species": "Droid",
                                    },
                                    Object {
                                      "name": "Biggs Darklighter",
                                      "planetName": "Tatooine",
                                      "population": "200000",
                                      "species": "Human",
                                    },
                                    Object {
                                      "name": "Obi-Wan Kenobi",
                                      "planetName": "Stewjon",
                                      "population": "unknown",
                                      "species": "Human",
                                    },
                                  ]
            }
            controlFunction={[Function]}
/>,
          "className": "card-div",
        },
        "ref": null,
        "rendered": Object {
          "instance": null,
          "key": undefined,
          "nodeType": "function",
          "props": Object {
            "cards": Array [
              Object {
                "name": "Luke Skywalker",
                "planetName": "Tatooine",
                "population": "200000",
                "species": "Human",
              },
              Object {
                "name": "C-3PO",
                "planetName": "Tatooine",
                "population": "200000",
                "species": "Droid",
              },
              Object {
                "name": "R2-D2",
                "planetName": "Naboo",
                "population": "4500000000",
                "species": "Droid",
              },
              Object {
                "name": "Darth Vader",
                "planetName": "Tatooine",
                "population": "200000",
                "species": "Human",
              },
              Object {
                "name": "Leia Organa",
                "planetName": "Alderaan",
                "population": "2000000000",
                "species": "Human",
              },
              Object {
                "name": "Owen Lars",
                "planetName": "Tatooine",
                "population": "200000",
                "species": "Human",
              },
              Object {
                "name": "Beru Whitesun lars",
                "planetName": "Tatooine",
                "population": "200000",
                "species": "Human",
              },
              Object {
                "name": "R5-D4",
                "planetName": "Tatooine",
                "population": "200000",
                "species": "Droid",
              },
              Object {
                "name": "Biggs Darklighter",
                "planetName": "Tatooine",
                "population": "200000",
                "species": "Human",
              },
              Object {
                "name": "Obi-Wan Kenobi",
                "planetName": "Stewjon",
                "population": "unknown",
                "species": "Human",
              },
            ],
            "controlFunction": [Function],
          },
          "ref": null,
          "rendered": null,
          "type": [Function],
        },
        "type": "div",
      },
    ],
    "type": "div",
  },
  Symbol(enzyme.__nodes__): Array [
    Object {
      "instance": null,
      "key": undefined,
      "nodeType": "host",
      "props": Object {
        "children": Array [
          false,
          <div
            className="card-div"
>
            <CardContainer
                        cards={
                                    Array [
                                                Object {
                                                  "name": "Luke Skywalker",
                                                  "planetName": "Tatooine",
                                                  "population": "200000",
                                                  "species": "Human",
                                                },
                                                Object {
                                                  "name": "C-3PO",
                                                  "planetName": "Tatooine",
                                                  "population": "200000",
                                                  "species": "Droid",
                                                },
                                                Object {
                                                  "name": "R2-D2",
                                                  "planetName": "Naboo",
                                                  "population": "4500000000",
                                                  "species": "Droid",
                                                },
                                                Object {
                                                  "name": "Darth Vader",
                                                  "planetName": "Tatooine",
                                                  "population": "200000",
                                                  "species": "Human",
                                                },
                                                Object {
                                                  "name": "Leia Organa",
                                                  "planetName": "Alderaan",
                                                  "population": "2000000000",
                                                  "species": "Human",
                                                },
                                                Object {
                                                  "name": "Owen Lars",
                                                  "planetName": "Tatooine",
                                                  "population": "200000",
                                                  "species": "Human",
                                                },
                                                Object {
                                                  "name": "Beru Whitesun lars",
                                                  "planetName": "Tatooine",
                                                  "population": "200000",
                                                  "species": "Human",
                                                },
                                                Object {
                                                  "name": "R5-D4",
                                                  "planetName": "Tatooine",
                                                  "population": "200000",
                                                  "species": "Droid",
                                                },
                                                Object {
                                                  "name": "Biggs Darklighter",
                                                  "planetName": "Tatooine",
                                                  "population": "200000",
                                                  "species": "Human",
                                                },
                                                Object {
                                                  "name": "Obi-Wan Kenobi",
                                                  "planetName": "Stewjon",
                                                  "population": "unknown",
                                                  "species": "Human",
                                                },
                                              ]
                        }
                        controlFunction={[Function]}
            />
</div>,
        ],
      },
      "ref": null,
      "rendered": Array [
        false,
        Object {
          "instance": null,
          "key": undefined,
          "nodeType": "host",
          "props": Object {
            "children": <CardContainer
              cards={
                            Array [
                                          Object {
                                            "name": "Luke Skywalker",
                                            "planetName": "Tatooine",
                                            "population": "200000",
                                            "species": "Human",
                                          },
                                          Object {
                                            "name": "C-3PO",
                                            "planetName": "Tatooine",
                                            "population": "200000",
                                            "species": "Droid",
                                          },
                                          Object {
                                            "name": "R2-D2",
                                            "planetName": "Naboo",
                                            "population": "4500000000",
                                            "species": "Droid",
                                          },
                                          Object {
                                            "name": "Darth Vader",
                                            "planetName": "Tatooine",
                                            "population": "200000",
                                            "species": "Human",
                                          },
                                          Object {
                                            "name": "Leia Organa",
                                            "planetName": "Alderaan",
                                            "population": "2000000000",
                                            "species": "Human",
                                          },
                                          Object {
                                            "name": "Owen Lars",
                                            "planetName": "Tatooine",
                                            "population": "200000",
                                            "species": "Human",
                                          },
                                          Object {
                                            "name": "Beru Whitesun lars",
                                            "planetName": "Tatooine",
                                            "population": "200000",
                                            "species": "Human",
                                          },
                                          Object {
                                            "name": "R5-D4",
                                            "planetName": "Tatooine",
                                            "population": "200000",
                                            "species": "Droid",
                                          },
                                          Object {
                                            "name": "Biggs Darklighter",
                                            "planetName": "Tatooine",
                                            "population": "200000",
                                            "species": "Human",
                                          },
                                          Object {
                                            "name": "Obi-Wan Kenobi",
                                            "planetName": "Stewjon",
                                            "population": "unknown",
                                            "species": "Human",
                                          },
                                        ]
              }
              controlFunction={[Function]}
/>,
            "className": "card-div",
          },
          "ref": null,
          "rendered": Object {
            "instance": null,
            "key": undefined,
            "nodeType": "function",
            "props": Object {
              "cards": Array [
                Object {
                  "name": "Luke Skywalker",
                  "planetName": "Tatooine",
                  "population": "200000",
                  "species": "Human",
                },
                Object {
                  "name": "C-3PO",
                  "planetName": "Tatooine",
                  "population": "200000",
                  "species": "Droid",
                },
                Object {
                  "name": "R2-D2",
                  "planetName": "Naboo",
                  "population": "4500000000",
                  "species": "Droid",
                },
                Object {
                  "name": "Darth Vader",
                  "planetName": "Tatooine",
                  "population": "200000",
                  "species": "Human",
                },
                Object {
                  "name": "Leia Organa",
                  "planetName": "Alderaan",
                  "population": "2000000000",
                  "species": "Human",
                },
                Object {
                  "name": "Owen Lars",
                  "planetName": "Tatooine",
                  "population": "200000",
                  "species": "Human",
                },
                Object {
                  "name": "Beru Whitesun lars",
                  "planetName": "Tatooine",
                  "population": "200000",
                  "species": "Human",
                },
                Object {
                  "name": "R5-D4",
                  "planetName": "Tatooine",
                  "population": "200000",
                  "species": "Droid",
                },
                Object {
                  "name": "Biggs Darklighter",
                  "planetName": "Tatooine",
                  "population": "200000",
                  "species": "Human",
                },
                Object {
                  "name": "Obi-Wan Kenobi",
                  "planetName": "Stewjon",
                  "population": "unknown",
                  "species": "Human",
                },
              ],
              "controlFunction": [Function],
            },
            "ref": null,
            "rendered": null,
            "type": [Function],
          },
          "type": "div",
        },
      ],
      "type": "div",
    },
  ],
  Symbol(enzyme.__options__): Object {
    "adapter": ReactSixteenAdapter {
      "options": Object {
        "enableComponentDidUpdateOnSetState": true,
      },
    },
  },
}
`;
